// Jest Snapshot v1, https://goo.gl/fbAQLP

exports[`products tests showing component successful 1`] = `
<div
  className="row mt-5"
/>
`;
