// Jest Snapshot v1, https://goo.gl/fbAQLP

exports[`Banner tests showing component successful 1`] = `
<div
  className="row"
>
  <div
    className="col-lg-12"
  >
    <a
      href="https://www.mercadolibre.com.co/"
      target="_blank"
    >
      <img
        className="img-banner"
        src="https://http2.mlstatic.com/D_NQ_NP_887755-MLA47696043671_092021-OO.webp"
      />
    </a>
  </div>
</div>
`;
