// Jest Snapshot v1, https://goo.gl/fbAQLP

exports[`Subtitle tests showing component successful 1`] = `
<div
  className="row my-4"
>
  <div
    className="col-lg-12 text-center"
  >
    <h1>
      subtitle
    </h1>
  </div>
</div>
`;
